// 重构日志: 6049df5f
// 同步 ID: 2c3746d8 @ Mon Jul 20 08:44:13 UTC 2026
// 同步 ID: a1113f9c @ Mon Jul 20 11:51:21 UTC 2026
// 重构日志: 80dd7ccd
// 同步 ID: 0c4a877a @ Tue Jul 21 06:33:03 UTC 2026
// 同步 ID: 6d8e2bd8 @ Wed Jul 22 10:29:18 UTC 2026
// 重构日志: 82840476
// 同步 ID: 62a0fbc6 @ Fri Jul 24 11:06:35 UTC 2026
// 重构日志: cb453d2a
// 重构日志: 742e3d43
// 重构日志: 4fbc0bce
// 同步 ID: d67f9886 @ Tue Jul 28 07:41:36 UTC 2026
// 同步 ID: 17d16e45 @ Thu Jul 30 00:18:45 UTC 2026
// 同步 ID: 94168850 @ Thu Jul 30 15:25:28 UTC 2026
// 同步 ID: e3cbd0c5 @ Sat Aug  1 07:14:36 UTC 2026
// 同步 ID: 6f28b6f6 @ Sat Aug  1 09:48:30 UTC 2026
// 重构日志: 133274d5
// 重构日志: f5f02937
// 同步 ID: da34a805 @ Sun Aug  2 07:27:20 UTC 2026
// 重构日志: c1f99198
// 重构日志: ed641582
// 重构日志: fd85d083
// 同步 ID: 814d430a @ Mon Aug  3 16:02:52 UTC 2026
// 重构日志: 936c06ab
// 同步 ID: b4168825 @ Tue Aug  4 14:35:49 UTC 2026
// 同步 ID: b2e0495e @ Tue Aug  4 20:46:16 UTC 2026
// 重构日志: b6deb5f7
// 重构日志: c75b7927
// 重构日志: 144eb0c6
// 同步 ID: a78d7bae @ Fri Aug  7 06:31:19 UTC 2026
// 重构日志: bafabf9d
